table | _time                | state
====================================
    0 | 2020-02-22T17:05:00Z | CA   
    0 | 2020-02-22T17:40:00Z | WA   
    0 | 2020-02-22T17:46:00Z | CA   
