table | _time                | count_state
==========================================
    0 | 2020-02-22T16:00:00Z |           1
    0 | 2020-02-22T17:00:00Z |           1
    0 | 2020-02-22T18:00:00Z |           2
