table | _time                | location     | state | bottom_degrees | surface_degrees
======================================================================================
    0 | 2020-02-22T17:05:00Z | coyote_creek | CA    |             50 |              53
    0 | 2020-02-22T17:40:00Z | puget_sound  | WA    |             40 |              54
    0 | 2020-02-22T17:46:00Z | santa_monica | CA    |             48 |              60
