table | count_bottom_degrees
============================
    0 |                   11
