table | _time                | location     | max_bottom_degrees | mean_bottom_degrees | min_bottom_degrees
===========================================================================================================
    0 | 2020-02-22T16:00:00Z | santa_monica |                 50 |                49.5 |                 49
    0 | 2020-02-22T17:00:00Z | coyote_creek |                 51 |                  51 |                 51
    0 | 2020-02-22T17:00:00Z | santa_monica |                 49 |                  49 |                 49
    0 | 2020-02-22T18:00:00Z | coyote_creek |                 50 |                  50 |                 50
    0 | 2020-02-22T18:00:00Z | puget_sound  |                 40 |                  40 |                 40
    0 | 2020-02-22T18:00:00Z | santa_monica |                 48 |                  48 |                 48
