table | _time                | surface_degrees
==============================================
    0 | 2020-02-22T17:05:00Z |              53
    0 | 2020-02-22T17:40:00Z |              54
    0 | 2020-02-22T17:46:00Z |              60
