table | _time                | location     | surface_degrees
=============================================================
    0 | 2020-02-22T17:05:00Z | coyote_creek |              53
    0 | 2020-02-22T17:40:00Z | puget_sound  |              54
